2026-08-12T15:28:16+00:00 INFO    [event=application.started] IPTV-API 版本: 3.0.0 (构建时间: 2026-08-07 11:45:59)
2026-08-12T15:28:17+00:00 INFO    [phase=prepare event=network.ipv6.checking] 🛜 正在检查当前网络是否支持IPv6...
2026-08-12T15:28:17+00:00 WARNING [phase=prepare event=network.ipv6.unsupported] 当前网络不支持IPv6，别担心，IPv6的结果会被保存下来
2026-08-12T15:28:17+00:00 INFO    [run=a60bbc90d40b4c8d8ea3e459b4469524 phase=prepare event=run.started] 性能模式: auto → balance，可用资源: 4.0 CPU / 15.61 GB，并发: 测速 8、媒体探测 2、源抓取 8
2026-08-12T15:28:17+00:00 INFO    [run=a60bbc90d40b4c8d8ea3e459b4469524 phase=prepare event=channels.catalog_loaded] 频道目录已加载：白名单 0，黑名单 2，台标 21
2026-08-12T15:28:17+00:00 INFO    [run=a60bbc90d40b4c8d8ea3e459b4469524 phase=fetch event=sources.subscribe.summary] 订阅源数量：1，订阅白名单数量：0，停用地址数量：0，有效总数量：1
2026-08-12T15:28:17+00:00 INFO    [run=a60bbc90d40b4c8d8ea3e459b4469524 phase=fetch event=progress.started] 正在进行获取订阅源  0/1
2026-08-12T15:28:17+00:00 INFO    [run=a60bbc90d40b4c8d8ea3e459b4469524 phase=fetch event=sources.epg.summary] EPG源数量：1，EPG白名单数量：0，停用地址数量：0，有效总数量：1
2026-08-12T15:28:17+00:00 INFO    [run=a60bbc90d40b4c8d8ea3e459b4469524 phase=fetch event=progress.started] 正在进行获取EPG源  0/1
2026-08-12T15:28:18+00:00 INFO    [run=a60bbc90d40b4c8d8ea3e459b4469524 phase=fetch event=epg.source_parsed] EPG 源解析完成：http://e.erw.cc/e.xml.gz，保留节目 3158 条
2026-08-12T15:28:18+00:00 INFO    [run=a60bbc90d40b4c8d8ea3e459b4469524 phase=fetch event=progress.updated] 正在进行获取EPG源  1/1 (100%)  剩余 0
2026-08-12T15:28:18+00:00 INFO    [run=a60bbc90d40b4c8d8ea3e459b4469524 phase=fetch event=sources.epg.finished] EPG源: ✅ 有效地址数量：1，⛔ 停用地址数量：0
2026-08-12T15:28:18+00:00 INFO    [run=a60bbc90d40b4c8d8ea3e459b4469524 phase=fetch event=progress.finished] 正在进行获取EPG源  1/1  匹配 79 个频道
2026-08-12T15:28:18+00:00 INFO    [run=a60bbc90d40b4c8d8ea3e459b4469524 phase=fetch event=progress.updated] 正在进行获取订阅源  1/1 (100%)  剩余 0
2026-08-12T15:28:18+00:00 INFO    [run=a60bbc90d40b4c8d8ea3e459b4469524 phase=fetch event=sources.subscribe.finished] 订阅源: ✅ 有效地址数量：1，⛔ 停用地址数量：0
2026-08-12T15:28:18+00:00 INFO    [run=a60bbc90d40b4c8d8ea3e459b4469524 phase=fetch event=progress.finished] 正在进行获取订阅源  1/1  未匹配 87
2026-08-12T15:28:21+00:00 INFO    [run=a60bbc90d40b4c8d8ea3e459b4469524 phase=aggregate event=channels.aggregated] 频道数据聚合完成：89 个频道，62 个接口（IPv4 55 / IPv6 7）
2026-08-12T15:28:21+00:00 INFO    [run=a60bbc90d40b4c8d8ea3e459b4469524 phase=speed_test event=speed_test.planned] 总接口数量: 62, 需要进行测速的接口数量: 55
2026-08-12T15:28:21+00:00 INFO    [run=a60bbc90d40b4c8d8ea3e459b4469524 phase=speed_test event=progress.started] 测速  0/55
2026-08-12T15:28:22+00:00 INFO    [run=a60bbc90d40b4c8d8ea3e459b4469524 phase=speed_test event=progress.updated] 测速  1/55 (1%)  有效 0  失败 1  CCTV-1
2026-08-12T15:28:23+00:00 INFO    [run=a60bbc90d40b4c8d8ea3e459b4469524 phase=speed_test event=progress.updated] 测速  7/55 (12%)  有效 6  失败 1  CCTV-10
2026-08-12T15:28:24+00:00 INFO    [run=a60bbc90d40b4c8d8ea3e459b4469524 phase=speed_test event=progress.updated] 测速  13/55 (23%)  有效 11  失败 2  CCTV-14
2026-08-12T15:28:33+00:00 INFO    [run=a60bbc90d40b4c8d8ea3e459b4469524 phase=speed_test event=progress.updated] 测速  19/55 (34%)  有效 12  失败 7  CETV-1
2026-08-12T15:28:36+00:00 INFO    [run=a60bbc90d40b4c8d8ea3e459b4469524 phase=speed_test event=progress.updated] 测速  25/55 (45%)  有效 12  失败 13  湖北卫视
2026-08-12T15:28:44+00:00 INFO    [run=a60bbc90d40b4c8d8ea3e459b4469524 phase=speed_test event=progress.updated] 测速  31/55 (56%)  有效 12  失败 19  贵州卫视
2026-08-12T15:28:53+00:00 INFO    [run=a60bbc90d40b4c8d8ea3e459b4469524 phase=speed_test event=progress.updated] 测速  37/55 (67%)  有效 12  失败 25  辽宁卫视
2026-08-12T15:28:57+00:00 INFO    [run=a60bbc90d40b4c8d8ea3e459b4469524 phase=speed_test event=progress.updated] 测速  43/55 (78%)  有效 12  失败 31  山西卫视
2026-08-12T15:29:05+00:00 INFO    [run=a60bbc90d40b4c8d8ea3e459b4469524 phase=speed_test event=progress.updated] 测速  49/55 (89%)  有效 12  失败 37  江苏城市
2026-08-12T15:29:13+00:00 INFO    [run=a60bbc90d40b4c8d8ea3e459b4469524 phase=speed_test event=progress.updated] 测速  55/55 (100%)  有效 12  失败 43  纪实人文
2026-08-12T15:29:13+00:00 INFO    [run=a60bbc90d40b4c8d8ea3e459b4469524 phase=speed_test event=speed_test.artifacts_written] 测速明细已写入 output/log/speed_test.log，有效结果已写入 output/log/result.log
2026-08-12T15:29:13+00:00 INFO    [run=a60bbc90d40b4c8d8ea3e459b4469524 phase=speed_test event=progress.finished] 测速  55/55  有效 12  失败 43
2026-08-12T15:29:13+00:00 INFO    [run=a60bbc90d40b4c8d8ea3e459b4469524 phase=output event=output.written] 结果文件生成完成：更新 3 个文件
2026-08-12T15:29:13+00:00 INFO    [run=a60bbc90d40b4c8d8ea3e459b4469524 phase=statistics event=statistics.finished] 频道统计完成：测试 55，有效 12
2026-08-12T15:29:13+00:00 INFO    [run=a60bbc90d40b4c8d8ea3e459b4469524 phase=complete event=run.summary] 更新摘要
2026-08-12T15:29:13+00:00 INFO    [run=a60bbc90d40b4c8d8ea3e459b4469524 phase=complete event=run.finished] 更新完成！总耗时：00:56
